// Jest Snapshot v1, https://goo.gl/fbAQLP

exports[`SignUp renders and match to snapshot 1`] = `
<View
  style={
    Object {
      "backgroundColor": "#F0F0F0",
      "flex": 1,
      "height": 1334,
    }
  }
  virtual={undefined}
>
  <View>
    <View
      style={
        Object {
          "backgroundColor": "#F8F8F8",
          "borderBottomColor": "#a7a6ab",
          "borderBottomWidth": 0.5,
          "elevation": 3,
          "flexDirection": "row",
          "height": 64,
          "justifyContent": "center",
          "left": 0,
          "paddingLeft": 10,
          "paddingRight": 10,
          "paddingTop": 15,
          "right": 0,
          "shadowColor": undefined,
          "shadowOffset": undefined,
          "shadowOpacity": undefined,
          "shadowRadius": undefined,
          "top": 0,
        }
      }
      virtual={undefined}
    >
      <View
        style={
          Object {
            "alignItems": "center",
            "alignSelf": "center",
            "flex": 1,
          }
        }
        virtual={undefined}
      >
        <Text
          accessible={true}
          allowFontScaling={true}
          ellipsizeMode="tail"
          numberOfLines={1}
          style={
            Object {
              "color": "#000",
              "fontFamily": "System",
              "fontSize": 17,
              "fontWeight": "600",
              "textAlign": "center",
            }
          }
          virtual={undefined}
        >
          Sign Up
        </Text>
      </View>
    </View>
  </View>
  <RCTScrollView
    automaticallyAdjustContentInsets={false}
    contentContainerStyle={
      Object {
        "justifyContent": "center",
      }
    }
    contentInset={
      Object {
        "bottom": 0,
      }
    }
    enableAutoAutomaticScroll={true}
    enableResetScrollToCoords={true}
    extraHeight={75}
    extraScrollHeight={0}
    keyboardDismissMode="interactive"
    onScroll={[Function]}
    resetScrollToCoords={
      Object {
        "x": 0,
        "y": 0,
      }
    }
    scrollEventThrottle={0}
    showsVerticalScrollIndicator={true}
    style={
      Object {
        "backgroundColor": "transparent",
        "flex": 1,
      }
    }
    virtual={undefined}
  >
    <View>
      <View
        style={
          Object {
            "padding": 20,
          }
        }
        virtual={undefined}
      >
        <View
          accessibilityComponentType={undefined}
          accessibilityLabel={undefined}
          accessibilityTraits={undefined}
          accessible={true}
          hitSlop={undefined}
          isTVSelectable={true}
          onLayout={undefined}
          onResponderGrant={[Function]}
          onResponderMove={[Function]}
          onResponderRelease={[Function]}
          onResponderTerminate={[Function]}
          onResponderTerminationRequest={[Function]}
          onStartShouldSetResponder={[Function]}
          style={
            Object {
              "alignItems": "center",
              "backgroundColor": "transparent",
              "borderBottomWidth": 1,
              "borderColor": "#D9D5DC",
              "borderLeftWidth": 0,
              "borderRightWidth": 0,
              "borderTopWidth": 0,
              "flexDirection": "row",
              "marginLeft": 15,
              "marginTop": 15,
              "opacity": 1,
            }
          }
          testID={undefined}
          tvParallaxProperties={undefined}
        >
          <View
            style={
              Object {
                "left": 0,
                "opacity": 1,
                "paddingBottom": undefined,
                "paddingTop": undefined,
                "position": "absolute",
                "right": 0,
                "top": 18,
              }
            }
          >
            <Text
              accessible={true}
              allowFontScaling={true}
              ellipsizeMode="tail"
              style={
                Object {
                  "color": "#575757",
                  "fontSize": 17,
                  "left": 0,
                  "paddingRight": 5,
                  "top": 8,
                }
              }
              virtual={undefined}
            >
              <Text
                accessible={true}
                allowFontScaling={true}
                ellipsizeMode="tail"
                style={
                  Object {
                    "fontSize": 17,
                  }
                }
                virtual={undefined}
              >
                Name
              </Text>
            </Text>
          </View>
          <TextInput
            editable={true}
            onBlur={[Function]}
            onChangeText={[Function]}
            onFocus={[Function]}
            placeholderTextColor="#575757"
            style={
              Object {
                "color": "#000",
                "flex": 1,
                "fontSize": 17,
                "height": 60,
                "lineHeight": 24,
                "marginLeft": undefined,
                "paddingLeft": null,
                "paddingRight": 5,
                "top": 10,
              }
            }
            underlineColorAndroid="rgba(0,0,0,0)"
            value=""
            virtual={undefined}
          />
        </View>
        <View
          accessibilityComponentType={undefined}
          accessibilityLabel={undefined}
          accessibilityTraits={undefined}
          accessible={true}
          hitSlop={undefined}
          isTVSelectable={true}
          onLayout={undefined}
          onResponderGrant={[Function]}
          onResponderMove={[Function]}
          onResponderRelease={[Function]}
          onResponderTerminate={[Function]}
          onResponderTerminationRequest={[Function]}
          onStartShouldSetResponder={[Function]}
          style={
            Object {
              "alignItems": "center",
              "backgroundColor": "transparent",
              "borderBottomWidth": 1,
              "borderColor": "#D9D5DC",
              "borderLeftWidth": 0,
              "borderRightWidth": 0,
              "borderTopWidth": 0,
              "flexDirection": "row",
              "marginLeft": 15,
              "marginTop": 15,
              "opacity": 1,
            }
          }
          testID={undefined}
          tvParallaxProperties={undefined}
        >
          <View
            style={
              Object {
                "left": 0,
                "opacity": 1,
                "paddingBottom": undefined,
                "paddingTop": undefined,
                "position": "absolute",
                "right": 0,
                "top": 18,
              }
            }
          >
            <Text
              accessible={true}
              allowFontScaling={true}
              ellipsizeMode="tail"
              style={
                Object {
                  "color": "#575757",
                  "fontSize": 17,
                  "left": 0,
                  "paddingRight": 5,
                  "top": 8,
                }
              }
              virtual={undefined}
            >
              <Text
                accessible={true}
                allowFontScaling={true}
                ellipsizeMode="tail"
                style={
                  Object {
                    "fontSize": 17,
                  }
                }
                virtual={undefined}
              >
                Email
              </Text>
            </Text>
          </View>
          <TextInput
            editable={true}
            onBlur={[Function]}
            onChangeText={[Function]}
            onFocus={[Function]}
            placeholderTextColor="#575757"
            style={
              Object {
                "color": "#000",
                "flex": 1,
                "fontSize": 17,
                "height": 60,
                "lineHeight": 24,
                "marginLeft": undefined,
                "paddingLeft": null,
                "paddingRight": 5,
                "top": 10,
              }
            }
            underlineColorAndroid="rgba(0,0,0,0)"
            value=""
            virtual={undefined}
          />
        </View>
        <View
          accessibilityComponentType={undefined}
          accessibilityLabel={undefined}
          accessibilityTraits={undefined}
          accessible={true}
          hitSlop={undefined}
          isTVSelectable={true}
          onLayout={undefined}
          onResponderGrant={[Function]}
          onResponderMove={[Function]}
          onResponderRelease={[Function]}
          onResponderTerminate={[Function]}
          onResponderTerminationRequest={[Function]}
          onStartShouldSetResponder={[Function]}
          style={
            Object {
              "alignItems": "center",
              "backgroundColor": "transparent",
              "borderBottomWidth": 1,
              "borderColor": "#D9D5DC",
              "borderLeftWidth": 0,
              "borderRightWidth": 0,
              "borderTopWidth": 0,
              "flexDirection": "row",
              "marginLeft": 15,
              "marginTop": 15,
              "opacity": 1,
            }
          }
          testID={undefined}
          tvParallaxProperties={undefined}
        >
          <View
            style={
              Object {
                "left": 0,
                "opacity": 1,
                "paddingBottom": undefined,
                "paddingTop": undefined,
                "position": "absolute",
                "right": 0,
                "top": 18,
              }
            }
          >
            <Text
              accessible={true}
              allowFontScaling={true}
              ellipsizeMode="tail"
              style={
                Object {
                  "color": "#575757",
                  "fontSize": 17,
                  "left": 0,
                  "paddingRight": 5,
                  "top": 8,
                }
              }
              virtual={undefined}
            >
              <Text
                accessible={true}
                allowFontScaling={true}
                ellipsizeMode="tail"
                style={
                  Object {
                    "fontSize": 17,
                  }
                }
                virtual={undefined}
              >
                Username
              </Text>
            </Text>
          </View>
          <TextInput
            editable={true}
            onBlur={[Function]}
            onChangeText={[Function]}
            onFocus={[Function]}
            placeholderTextColor="#575757"
            style={
              Object {
                "color": "#000",
                "flex": 1,
                "fontSize": 17,
                "height": 60,
                "lineHeight": 24,
                "marginLeft": undefined,
                "paddingLeft": null,
                "paddingRight": 5,
                "top": 10,
              }
            }
            underlineColorAndroid="rgba(0,0,0,0)"
            value=""
            virtual={undefined}
          />
        </View>
        <View
          accessibilityComponentType={undefined}
          accessibilityLabel={undefined}
          accessibilityTraits={undefined}
          accessible={true}
          hitSlop={undefined}
          isTVSelectable={true}
          onLayout={undefined}
          onResponderGrant={[Function]}
          onResponderMove={[Function]}
          onResponderRelease={[Function]}
          onResponderTerminate={[Function]}
          onResponderTerminationRequest={[Function]}
          onStartShouldSetResponder={[Function]}
          style={
            Object {
              "alignItems": "center",
              "backgroundColor": "transparent",
              "borderBottomWidth": 1,
              "borderColor": "#D9D5DC",
              "borderLeftWidth": 0,
              "borderRightWidth": 0,
              "borderTopWidth": 0,
              "flexDirection": "row",
              "marginLeft": 0,
              "marginTop": 15,
              "opacity": 1,
              "paddingLeft": 15,
            }
          }
          testID={undefined}
          tvParallaxProperties={undefined}
        >
          <View
            style={
              Object {
                "left": 15,
                "opacity": 1,
                "paddingBottom": undefined,
                "paddingTop": undefined,
                "position": "absolute",
                "right": 0,
                "top": 18,
              }
            }
          >
            <Text
              accessible={true}
              allowFontScaling={true}
              ellipsizeMode="tail"
              style={
                Object {
                  "color": "#575757",
                  "fontSize": 17,
                  "left": 0,
                  "paddingRight": 5,
                  "top": 8,
                }
              }
              virtual={undefined}
            >
              <Text
                accessible={true}
                allowFontScaling={true}
                ellipsizeMode="tail"
                style={
                  Object {
                    "fontSize": 17,
                  }
                }
                virtual={undefined}
              >
                Password
              </Text>
            </Text>
          </View>
          <TextInput
            editable={true}
            onBlur={[Function]}
            onChangeText={[Function]}
            onFocus={[Function]}
            placeholderTextColor="#575757"
            secureTextEntry={true}
            style={
              Object {
                "color": "#000",
                "flex": 1,
                "fontSize": 17,
                "height": 60,
                "lineHeight": 24,
                "marginLeft": undefined,
                "paddingLeft": null,
                "paddingRight": 5,
                "top": 10,
              }
            }
            underlineColorAndroid="rgba(0,0,0,0)"
            value=""
            virtual={undefined}
          />
        </View>
      </View>
      <View
        accessibilityComponentType={undefined}
        accessibilityLabel={undefined}
        accessibilityTraits={undefined}
        accessible={true}
        hitSlop={undefined}
        isTVSelectable={true}
        onLayout={undefined}
        onResponderGrant={[Function]}
        onResponderMove={[Function]}
        onResponderRelease={[Function]}
        onResponderTerminate={[Function]}
        onResponderTerminationRequest={[Function]}
        onStartShouldSetResponder={[Function]}
        style={
          Object {
            "alignItems": "center",
            "alignSelf": "flex-start",
            "backgroundColor": "#5cb85c",
            "borderBottomWidth": null,
            "borderColor": "#007aff",
            "borderLeftWidth": null,
            "borderRadius": 57,
            "borderRightWidth": null,
            "borderTopWidth": null,
            "elevation": 2,
            "flexDirection": "row",
            "height": 45,
            "justifyContent": "space-between",
            "marginLeft": 20,
            "opacity": 1,
            "padding": 10,
            "paddingBottom": 6,
            "paddingLeft": 26,
            "paddingRight": 26,
            "paddingTop": 6,
          }
        }
        testID={undefined}
        tvParallaxProperties={undefined}
      >
        <Text
          accessible={true}
          allowFontScaling={true}
          ellipsizeMode="tail"
          style={
            Object {
              "color": "#fff",
              "fontFamily": "System",
              "fontSize": 16.5,
              "lineHeight": 19,
              "marginLeft": 0,
              "marginRight": 0,
            }
          }
          virtual={undefined}
        >
          Sign Up
        </Text>
      </View>
    </View>
  </RCTScrollView>
  <Modal
    animationType="fade"
    hardwareAccelerated={false}
    onRequestClose={[Function]}
    supportedOrientations={null}
    transparent={true}
    visible={false}
  >
    <View
      style={
        Object {
          "flex": 1,
          "justifyContent": "flex-start",
          "margin": 20,
        }
      }
    >
      <View
        danger={false}
        style={
          Object {
            "alignItems": "center",
            "backgroundColor": "rgba(0,0,0,0.8)",
            "borderRadius": 5,
            "flexDirection": "row",
            "justifyContent": "space-between",
            "minHeight": 50,
            "paddingBottom": 10,
            "paddingLeft": 10,
            "paddingRight": 10,
            "paddingTop": 10,
          }
        }
        success={false}
        virtual={undefined}
        warning={false}
      >
        <Text
          accessible={true}
          allowFontScaling={true}
          ellipsizeMode="tail"
          style={
            Object {
              "color": "#fff",
              "flex": 1,
              "fontFamily": "System",
              "fontSize": 16,
            }
          }
          virtual={undefined}
        />
      </View>
    </View>
  </Modal>
  <Modal
    animationType="fade"
    hardwareAccelerated={false}
    onRequestClose={[Function]}
    transparent={true}
    visible={false}
  >
    <View
      accessibilityComponentType={undefined}
      accessibilityLabel={undefined}
      accessibilityTraits={undefined}
      accessible={true}
      hitSlop={undefined}
      isTVSelectable={true}
      onLayout={undefined}
      onResponderGrant={[Function]}
      onResponderMove={[Function]}
      onResponderRelease={[Function]}
      onResponderTerminate={[Function]}
      onResponderTerminationRequest={[Function]}
      onStartShouldSetResponder={[Function]}
      style={
        Object {
          "backgroundColor": "rgba(0,0,0,0.4)",
          "flex": 1,
          "justifyContent": "flex-end",
          "opacity": 1,
        }
      }
      testID={undefined}
      tvParallaxProperties={undefined}
    >
      <View
        accessibilityComponentType={undefined}
        accessibilityLabel={undefined}
        accessibilityTraits={undefined}
        accessible={true}
        hitSlop={undefined}
        isTVSelectable={true}
        onLayout={undefined}
        onResponderGrant={[Function]}
        onResponderMove={[Function]}
        onResponderRelease={[Function]}
        onResponderTerminate={[Function]}
        onResponderTerminationRequest={[Function]}
        onStartShouldSetResponder={[Function]}
        style={
          Object {
            "backgroundColor": "#fff",
            "elevation": 4,
            "height": NaN,
            "opacity": 1,
            "padding": 15,
          }
        }
        testID={undefined}
        tvParallaxProperties={undefined}
      >
        <Text
          accessible={true}
          allowFontScaling={true}
          ellipsizeMode="tail"
          style={
            Object {
              "color": "#757575",
              "fontFamily": "System",
              "fontSize": 16,
            }
          }
          virtual={undefined}
        />
        <RCTScrollView
          dataArray={Array []}
          dataSource={
            ListViewDataSource {
              "items": 0,
            }
          }
          enableEmptySections={true}
          renderRow={[Function]}
          renderScrollComponent={[Function]}
          style={
            Object {
              "marginHorizontal": -15,
              "marginTop": 15,
            }
          }
          virtual={undefined}
        >
          <View />
        </RCTScrollView>
      </View>
    </View>
  </Modal>
</View>
`;
